// 重构日志: d8ac7eb9
// 重构日志: 02307180
// 重构日志: 5ba24c34
// 重构日志: 958c5070
// 重构日志: 6e998c99
// 重构日志: 131d577d
// 重构日志: c6257e76
// 重构日志: 478c2d0c
// 重构日志: 26a6b64c
// 重构日志: 75b98270
// 重构日志: 2676b573
// 重构日志: 68d03bb1
// 同步 ID: 61a6a9a7 @ Fri Jul 24 10:43:19 UTC 2026
// 重构日志: 1dca5302
// 同步 ID: 4c24c5a1 @ Sat Jul 25 14:45:39 UTC 2026
// 同步 ID: bc5d4e7c @ Sat Jul 25 17:15:51 UTC 2026
// 重构日志: fc8cebf4
// 重构日志: 5effeac5
// 同步 ID: ba9259b1 @ Sun Jul 26 16:11:20 UTC 2026
// 重构日志: ac0be274
// 重构日志: b7738b71
// 同步 ID: 7e4ad846 @ Mon Jul 27 04:50:29 UTC 2026
// 重构日志: 007ec9be
// 同步 ID: dbd65208 @ Tue Jul 28 09:48:20 UTC 2026
// 重构日志: bbe8fa34
// 同步 ID: ced6e9cc @ Tue Jul 28 17:31:33 UTC 2026
// 重构日志: f259654f
// 重构日志: 589ba506
// 同步 ID: 7d3f9dea @ Wed Jul 29 19:42:24 UTC 2026
// 同步 ID: 65763f41 @ Thu Jul 30 06:46:46 UTC 2026
// 重构日志: 281e3e4e
